SQL> drop table dept;

Table dropped.

SQL> create table dept(
  2  deptno number(3) constraint dept_deptno_uq unique,
  3  dname varchar2(10),
  4  loc varchar2(10));

Table created.

SQL> insert into dept values(10,'총무부','서울');

1 row created.

SQL> insert into dept values(10,'총무부','서울');
insert into dept values(10,'총무부','서울')
*
ERROR at line 1:
ORA-00001: unique constraint (SCOTT.DEPT_DEPTNO_UQ) violated


SQL> select owner,constraint_name,table_name from user_constraints;

OWNER
--------------------------------------------------------------------------------------------------------------------------------------------------------------------------------------------------------
CONSTRAINT_NAME                                              TABLE_NAME
------------------------------------------------------------ ------------------------------------------------------------
SCOTT
DEPT_DEPTNO_UQ                                               DEPT
